11:55:52 **** Auto Build of configuration Debug for project helloworld ****
make pre-build main-build 
make[1]: Entering directory `/users/cosic/abeckers/ddp/2016-2017/work-packages/sw/ddp_sw/src/sdk/helloworld/Debug'
a9-linaro-pre-build-step
 
Building file: ../src/asm_func.S
Invoking: ARM v7 gcc compiler
arm-none-eabi-gcc -Wall -O0 -g3 -c -fmessage-length=0 -MT"src/asm_func.o" -mcpu=cortex-a9 -mfpu=vfpv3 -mfloat-abi=hard -I../../helloworld_bsp/ps7_cortexa9_0/include -MMD -MP -MF"src/asm_func.d" -MT"src/asm_func.o" -o "src/asm_func.o" "../src/asm_func.S"
Finished building: ../src/asm_func.S
 
Building file: ../src/main.c
Invoking: ARM v7 gcc compiler
arm-none-eabi-gcc -Wall -O0 -g3 -c -fmessage-length=0 -MT"src/main.o" -mcpu=cortex-a9 -mfpu=vfpv3 -mfloat-abi=hard -I../../helloworld_bsp/ps7_cortexa9_0/include -MMD -MP -MF"src/main.d" -MT"src/main.o" -o "src/main.o" "../src/main.c"
Finished building: ../src/main.c
 
Building file: ../src/montgomery.c
Invoking: ARM v7 gcc compiler
arm-none-eabi-gcc -Wall -O0 -g3 -c -fmessage-length=0 -MT"src/montgomery.o" -mcpu=cortex-a9 -mfpu=vfpv3 -mfloat-abi=hard -I../../helloworld_bsp/ps7_cortexa9_0/include -MMD -MP -MF"src/montgomery.d" -MT"src/montgomery.o" -o "src/montgomery.o" "../src/montgomery.c"
Finished building: ../src/montgomery.c
 
Building file: ../src/mp_arith.c
Invoking: ARM v7 gcc compiler
arm-none-eabi-gcc -Wall -O0 -g3 -c -fmessage-length=0 -MT"src/mp_arith.o" -mcpu=cortex-a9 -mfpu=vfpv3 -mfloat-abi=hard -I../../helloworld_bsp/ps7_cortexa9_0/include -MMD -MP -MF"src/mp_arith.d" -MT"src/mp_arith.o" -o "src/mp_arith.o" "../src/mp_arith.c"
Finished building: ../src/mp_arith.c
 
Building file: ../src/platform.c
Invoking: ARM v7 gcc compiler
arm-none-eabi-gcc -Wall -O0 -g3 -c -fmessage-length=0 -MT"src/platform.o" -mcpu=cortex-a9 -mfpu=vfpv3 -mfloat-abi=hard -I../../helloworld_bsp/ps7_cortexa9_0/include -MMD -MP -MF"src/platform.d" -MT"src/platform.o" -o "src/platform.o" "../src/platform.c"
Finished building: ../src/platform.c
 
Building target: helloworld.elf
Invoking: ARM v7 gcc linker
arm-none-eabi-gcc -mcpu=cortex-a9 -mfpu=vfpv3 -mfloat-abi=hard -Wl,-build-id=none -specs=Xilinx.spec -Wl,-T -Wl,../src/lscript.ld -L../../helloworld_bsp/ps7_cortexa9_0/lib -o "helloworld.elf"  ./src/asm_func.o ./src/main.o ./src/montgomery.o ./src/mp_arith.o ./src/platform.o   -Wl,--start-group,-lxil,-lgcc,-lc,--end-group
Finished building target: helloworld.elf
 
Invoking: ARM v7 Print Size
arm-none-eabi-size helloworld.elf  |tee "helloworld.elf.size"
   text	   data	    bss	    dec	    hex	filename
  25560	   1152	  23220	  49932	   c30c	helloworld.elf
Finished building: helloworld.elf.size
 
make[1]: Leaving directory `/users/cosic/abeckers/ddp/2016-2017/work-packages/sw/ddp_sw/src/sdk/helloworld/Debug'

11:55:52 Build Finished (took 318ms)

